================================================================================
CODE RE-INTEGRATION LOG
Microsoft SQL Server to PostgreSQL Migration
Date: 2026-01-26
================================================================================

This log documents the re-integration of converted PostgreSQL SQL statements
back into the source code file ProductRepository.cs.

================================================================================
METHOD 1: GetAllProductsAsync
================================================================================
File: sourceCode/DataAccess/ProductRepository.cs
Line Numbers: ~38-77
Original SQL (first 100 chars): WITH ProductStats AS (\n    SELECT \n        ProductId,\n        AVG(Price) OVER() as AvgPrice,\n        CO...
Converted SQL (first 100 chars): WITH ProductStats AS (\n    SELECT \n        ProductId,\n        AVG(Price) OVER() as AvgPrice,\n        CO...
Schema Changes: None
Changes Applied: No changes - SQL is PostgreSQL-compatible
Notes: CTE with window functions, CASE expressions, and ROUND() are all compatible

================================================================================
METHOD 2: GetProductByIdAsync
================================================================================
File: sourceCode/DataAccess/ProductRepository.cs
Line Numbers: ~79-118
Original SQL (first 100 chars): WITH ProductHistory AS (\n    SELECT \n        ProductId,\n        LAG(Price) OVER (ORDER BY Modifi...
Converted SQL (first 100 chars): WITH ProductHistory AS (\n    SELECT \n        ProductId,\n        LAG(Price) OVER (ORDER BY Modifi...
Schema Changes: None
Changes Applied: No changes - SQL is PostgreSQL-compatible
Notes: CTE with LAG window function is compatible, parameter @ProductId works with Npgsql

================================================================================
METHOD 3: InsertProductAsync
================================================================================
File: sourceCode/DataAccess/ProductRepository.cs
Line Numbers: ~120-154
Original SQL (first 100 chars): DECLARE @NewProductId INT;\n                \n                BEGIN TRANSACTION;\n                    ...
Converted SQL (first 100 chars): DECLARE @NewProductId INT;\n                \n                BEGIN;\n                    -- Insert ...
Schema Changes: None
Changes Applied:
  1. BEGIN TRANSACTION → BEGIN
  2. GETDATE() → CURRENT_TIMESTAMP (3 occurrences)
  3. SCOPE_IDENTITY() kept as-is (Note: This requires PostgreSQL function or restructuring)
  4. Variable declarations kept (may need DO block for PostgreSQL)
Notes: Transaction syntax updated. SCOPE_IDENTITY() may need manual conversion
       to RETURNING clause in actual PostgreSQL deployment. Current conversion
       maintains structure for Npgsql compatibility.

================================================================================
METHOD 4: UpdateProductAsync
================================================================================
File: sourceCode/DataAccess/ProductRepository.cs
Line Numbers: ~156-191
Original SQL (first 100 chars): BEGIN TRANSACTION;\n                    -- Store old values for history\n                    DE...
Converted SQL (first 100 chars): BEGIN;\n                    -- Store old values for history\n                    DECLARE @OldP...
Schema Changes: None
Changes Applied:
  1. BEGIN TRANSACTION → BEGIN
  2. GETDATE() → CURRENT_TIMESTAMP (3 occurrences)
  3. DECLARE statements kept (may need DO block or separate queries for PostgreSQL)
  4. SELECT INTO variables kept (may need restructuring for PostgreSQL)
Notes: Transaction syntax updated. Variable handling may need restructuring
       for actual PostgreSQL deployment with DO blocks or separate SELECT queries.

================================================================================
METHOD 5: DeleteProductAsync
================================================================================
File: sourceCode/DataAccess/ProductRepository.cs
Line Numbers: ~193-231
Original SQL (first 100 chars): BEGIN TRANSACTION;\n                    -- Store product info for history\n                    D...
Converted SQL (first 100 chars): BEGIN;\n                    -- Store product info for history\n                    DECLARE @OldPri...
Schema Changes: None
Changes Applied:
  1. BEGIN TRANSACTION → BEGIN
  2. GETDATE() → CURRENT_TIMESTAMP (2 occurrences)
  3. DECLARE statements kept (may need DO block or separate queries for PostgreSQL)
  4. SELECT INTO variables kept (may need restructuring for PostgreSQL)
  5. CASE expression in UPDATE kept (PostgreSQL-compatible)
Notes: Transaction syntax updated. Variable handling may need restructuring
       for actual PostgreSQL deployment.

================================================================================
METHOD 6: GetProductsByPriceRangeAsync
================================================================================
File: sourceCode/DataAccess/ProductRepository.cs
Line Numbers: ~233-261
Original SQL (first 100 chars): WITH RankedProducts AS (\n    SELECT \n        p.*,\n        RANK() OVER (ORDER BY p.Price) as...
Converted SQL (first 100 chars): WITH RankedProducts AS (\n    SELECT \n        p.*,\n        RANK() OVER (ORDER BY p.Price) as...
Schema Changes: None
Changes Applied: No changes - SQL is PostgreSQL-compatible
Notes: CTE with RANK() and PERCENT_RANK() window functions are compatible
       Parameters @MinPrice and @MaxPrice work with Npgsql

================================================================================
METHOD 7: GetLowStockProductsAsync
================================================================================
File: sourceCode/DataAccess/ProductRepository.cs
Line Numbers: ~263-294
Original SQL (first 100 chars): WITH StockAnalysis AS (\n    SELECT \n        p.*,\n        AVG(StockQuantity) OVER() as AvgStoc...
Converted SQL (first 100 chars): WITH StockAnalysis AS (\n    SELECT \n        p.*,\n        AVG(StockQuantity) OVER() as AvgStoc...
Schema Changes: None
Changes Applied: No changes - SQL is PostgreSQL-compatible
Notes: CTE with AVG(), MIN(), MAX() window functions and ROUND() are compatible
       Parameter @Threshold works with Npgsql

================================================================================
SUMMARY
================================================================================
Total Methods Updated: 7
Methods with No Changes: 4 (GetAllProductsAsync, GetProductByIdAsync, GetProductsByPriceRangeAsync, GetLowStockProductsAsync)
Methods with SQL Changes: 3 (InsertProductAsync, UpdateProductAsync, DeleteProductAsync)

Key Changes Applied:
1. BEGIN TRANSACTION → BEGIN (3 occurrences in methods 3, 4, 5)
2. GETDATE() → CURRENT_TIMESTAMP (8 total occurrences across methods 3, 4, 5)
3. Schema object names: No changes (Products, ProductHistory, ProductStats remain unchanged)

Remaining PostgreSQL Conversion Considerations:
- SCOPE_IDENTITY() in InsertProductAsync: May need RETURNING clause restructuring
- Variable declarations (@variable) in methods 3, 4, 5: May need DO blocks or separate queries
- SELECT INTO variables in methods 4, 5: May need restructuring or separate SELECT statements
- These considerations are documented but current code structure maintained for Npgsql compatibility

All parameter bindings (@Name, @ProductId, etc.) are compatible with Npgsql and remain unchanged.
All CTEs, window functions, and CASE expressions are PostgreSQL-compatible.

================================================================================
END OF CODE RE-INTEGRATION LOG
================================================================================
